perl-Pod-Html-0:1.22.02-423.el8_10.noarch 1753690379 36895 installed
gpg-pubkey-ced7258b-6525146f 1696928879 0 installed
perl-Data-OptList-0.110-6.el8.noarch 1570953483 49890 installed
libgcc-8.5.0-28.el8_10.alma.1.x86_64 1756209600 190232 installed
perl-libnetcfg-4:5.26.3-423.el8_10.noarch 1753690379 18236 installed
crypto-policies-20230731-1.git3177e06.el8.noarch 1697342317 73739 installed
perl-Encode-devel-4:2.97-3.el8.x86_64 1570956379 57286 installed
python3-setuptools-wheel-39.2.0-9.el8_10.noarch 1752570848 345327 installed
perl-Math-BigInt-FastCalc-0.500.600-6.el8.x86_64 1570965490 37419 installed
almalinux-release-8.10-1.el8.x86_64 1716389384 40011 installed
perl-Filter-Simple-0.94-2.el8.noarch 1570958771 52082 installed
filesystem-3.8-6.el8.x86_64 1633769510 0 installed
perl-Archive-Zip-1.60-3.el8.noarch 1573584106 260572 installed
python3-rpm-macros-3-45.el8.noarch 1684241739 3714 installed
perl-experimental-0.019-2.el8.noarch 1570974957 30591 installed
ansible-srpm-macros-1-12.el8.noarch 1707101462 36518 installed
perl-Text-Diff-1.45-2.el8.noarch 1570971609 85716 installed
qt5-srpm-macros-5.15.3-1.el8.noarch 1665240446 0 installed
perl-Attribute-Handlers-0:0.99-423.el8_10.noarch 1753690379 39302 installed
openblas-srpm-macros-2-2.el8.noarch 1571258850 104 installed
perl-Compress-Bzip2-2.26-6.el8.x86_64 1570952680 150314 installed
go-srpm-macros-2-17.el8.noarch 1617893120 7342 installed
perl-DB_File-1.842-1.el8.x86_64 1570953439 185181 installed
tzdata-2026c-1.el8_10.noarch 1786035184 1976397 installed
perl-Devel-Size-0.81-2.el8.x86_64 1570955269 42944 installed
pkgconf-m4-1.4.2-1.el8.noarch 1570949719 14187 installed
perl-ExtUtils-MM-Utils-1:7.34-1.el8.noarch 1570956965 3226 installed
pcre2-10.32-3.el8_6.x86_64 1659456464 656742 installed
perl-ExtUtils-CBuilder-1:0.280230-2.el8.noarch 1571259789 98493 installed
glibc-all-langpacks-2.28-251.el8_10.40.x86_64 1784646418 436464832 installed
perl-IPC-SysV-2.07-397.el8.x86_64 1570964081 76651 installed
glibc-gconv-extra-2.28-251.el8_10.40.x86_64 1784646418 6416038 installed
perl-autodie-2.29-396.el8.noarch 1570974702 215912 installed
glibc-2.28-251.el8_10.40.x86_64 1784646418 6880472 installed
perl-Memoize-0:1.03-423.el8_10.noarch 1753690379 83282 installed
libsepol-2.9-3.el8.x86_64 1633747466 761592 installed
perl-Package-Generator-1.106-11.el8.noarch 1570965992 31035 installed
info-6.5-7.el8.x86_64 1650301777 386466 installed
perl-Pod-Checker-4:1.73-395.el8.noarch 1570967196 50342 installed
xz-libs-5.2.4-4.el8_6.x86_64 1655211822 164967 installed
perl-Sys-Syslog-0.35-397.el8.x86_64 1570971179 97651 installed
libacl-2.4.0-1.el8_10.x86_64 1784718339 46112 installed
perl-Test-Simple-1:1.302135-1.el8.noarch 1570971193 1240970 installed
libxcrypt-4.1.1-6.el8.x86_64 1633752252 185860 installed
perl-Text-Template-1.51-1.el8.noarch 1570971863 113404 installed
elfutils-libelf-0.190-2.el8.alma.1.x86_64 1756126628 1024034 installed
perl-Unicode-Collate-1.25-2.el8.x86_64 1570974239 4906536 installed
readline-7.0-10.el8.x86_64 1570799624 466321 installed
perl-utils-0:5.26.3-423.el8_10.noarch 1753690379 127865 installed
libcap-2.48-6.el8_10.1.x86_64 1777926826 164965 installed
perl-File-Which-1.22-2.el8.noarch 1570958518 24717 installed
sed-4.5-5.el8_10.x86_64 1776194598 764966 installed
perl-Devel-Peek-0:1.26-423.el8_10.x86_64 1753690162 46191 installed
libuuid-2.32.1-48.el8_10.x86_64 1770236304 35104 installed
perl-Data-Section-0.200007-3.el8.noarch 1571066871 43062 installed
libunistring-0.9.9-3.el8.x86_64 1570877206 1855932 installed
perl-Module-Build-2:0.42.24-5.el8.noarch 1570964375 669576 installed
libgpg-error-1.31-1.el8.x86_64 1570882847 902818 installed
perl-perlfaq-5.20180605-1.el8.noarch 1570975873 742251 installed
p11-kit-0.23.22-2.el8.x86_64 1712412985 1650594 installed
perl-4:5.26.3-423.el8_10.x86_64 1753690162 0 installed
libmpc-1.1.0-9.1.el8.x86_64 1617859705 127085 installed
libattr-2.6.0-1.el8_10.x86_64 1787058562 25716 installed
libgcrypt-1.8.5-8.el8_10.x86_64 1785291379 1269750 installed
findutils-1:4.6.0-24.el8_10.x86_64 1766069842 1768980 installed
elfutils-libs-0.190-2.el8.alma.1.x86_64 1756126628 738263 installed
gdbm-libs-1:1.18-2.el8.x86_64 1665235333 118448 installed
libcap-ng-0.7.11-1.el8.x86_64 1633740976 51470 installed
libtasn1-4.13-6.el8_10.x86_64 1783523142 165309 installed
lz4-libs-1.8.3-5.el8_10.x86_64 1752571479 121151 installed
grep-3.1-6.el8.x86_64 1570806983 835205 installed
libsemanage-2.9-12.el8_10.x86_64 1748916414 312384 installed
elfutils-0.190-2.el8.alma.1.x86_64 1756126628 2932142 installed
patch-2.7.6-11.el8.x86_64 1591024468 277241 installed
libpsl-0.20.2-6.el8.x86_64 1597740996 70716 installed
libksba-1.3.5-9.el8_7.x86_64 1675786363 334047 installed
libstdc++-devel-8.5.0-28.el8_10.alma.1.x86_64 1756209600 11815138 installed
tar-2:1.30-11.el8_10.x86_64 1756198900 2876623 installed
gnutls-3.6.16-8.el8_10.6.x86_64 1779780336 3016295 installed
libxml2-2.9.7-21.el8_10.6.x86_64 1783523179 1757250 installed
coreutils-common-8.30-20.el8_10.x86_64 1785268214 9896370 installed
libgomp-8.5.0-28.el8_10.alma.1.x86_64 1756209600 331991 installed
cpio-2.12-11.el8.x86_64 1650302345 967857 installed
libpkgconf-1.4.2-1.el8.x86_64 1570949856 68093 installed
pkgconf-pkg-config-1.4.2-1.el8.x86_64 1570949856 3094 installed
gawk-4.2.1-4.el8.x86_64 1650297393 2700342 installed
libtool-ltdl-2.4.6-25.el8.x86_64 1570806649 71434 installed
ncurses-6.1-10.20180224.el8.x86_64 1697309698 589460 installed
coreutils-8.30-20.el8_10.x86_64 1785268214 6108152 installed
libdb-5.3.28-42.el8_4.x86_64 1632242311 1903352 installed
libtirpc-1.1.4-12.el8_10.x86_64 1719951959 228758 installed
libmount-2.32.1-48.el8_10.x86_64 1770236304 398282 installed
libnsl2-1.2.0-2.20180605git4a062cf.el8.x86_64 1571070958 147122 installed
platform-python-3.6.8-78.el8_10.alma.1.x86_64 1787067575 41222 installed
binutils-2.30-128.el8_10.x86_64 1766067698 24836755 installed
cracklib-2.9.6-15.el8.x86_64 1570841236 239047 installed
shadow-utils-2:4.6-23.el8_10.x86_64 1766065866 4072286 installed
tpm2-tss-2.3.2-6.el8.x86_64 1712406564 1209206 installed
libpwquality-1.4.4-6.el8.x86_64 1680373457 396846 installed
libusbx-1.0.30-1.el8_10.x86_64 1783522922 181119 installed
libbabeltrace-1.5.4-4.el8.x86_64 1665410259 546491 installed
cyrus-sasl-lib-2.1.27-6.el8_5.x86_64 1645647246 726138 installed
libdb-utils-5.3.28-42.el8_4.x86_64 1632242311 369615 installed
npth-1.5-4.el8.x86_64 1571000973 47909 installed
libatomic_ops-7.6.2-3.el8.x86_64 1570924675 76822 installed
guile-5:2.0.14-7.el8.x86_64 1570929621 12159798 installed
libssh-config-0.9.6-16.el8_10.noarch 1764014300 277 installed
libcurl-7.61.1-34.el8_10.13.x86_64 1787236433 601864 installed
rpm-libs-4.14.3-32.el8_10.x86_64 1734408670 743680 installed
efi-srpm-macros-3-3.el8.noarch 1617878303 39226 installed
rpm-build-libs-4.14.3-32.el8_10.x86_64 1734408670 216152 installed
kernel-headers-4.18.0-553.158.1.el8_10.x86_64 1787732211 5653931 installed
glibc-devel-2.28-251.el8_10.40.x86_64 1784646418 240562 installed
gcc-8.5.0-28.el8_10.alma.1.x86_64 1756209600 61717609 installed
annobin-11.13-2.el8.x86_64 1697050857 1005411 installed
rpm-build-4.14.3-32.el8_10.x86_64 1734408670 299106 installed
epel-rpm-macros-8-43.noarch 1746898529 31711 installed
which-2.21-21.el8_10.x86_64 1756198485 83404 installed
python3-pyparsing-2.1.10-7.el8.noarch 1573641407 532674 installed
openssl-1:1.1.1k-17.el8_6.x86_64 1783952062 1185640 installed
perl-Digest-1.17-395.el8.noarch 1570955296 26684 installed
perl-Data-Dumper-2.167-399.el8.x86_64 1570953565 106522 installed
perl-URI-1.73-3.el8.noarch 1573658335 216452 installed
perl-IO-Socket-IP-0.39-5.el8.noarch 1570961507 99525 installed
perl-Mozilla-CA-20160104-7.module_el8.5.0+2812+ed912d05.noarch 1650649450 5714 installed
perl-Net-SSLeay-1.88-2.module_el8.6.0+2811+fe6c84b0.x86_64 1650648167 1329463 installed
perl-Term-Cap-1.17-395.el8.noarch 1570969761 29850 installed
perl-HTTP-Tiny-0.074-3.el8.noarch 1712407881 149711 installed
perl-podlators-4.11-1.el8.noarch 1570975956 287639 installed
perl-Text-ParseWords-3.30-395.el8.noarch 1570971722 13101 installed
perl-MIME-Base64-3.15-396.el8.x86_64 1570964945 41435 installed
perl-Getopt-Long-1:2.50-4.el8.noarch 1570959003 139724 installed
perl-Socket-4:2.027-3.el8.x86_64 1574149783 124014 installed
perl-Carp-1.42-396.el8.noarch 1570950374 41850 installed
perl-libs-4:5.26.3-423.el8_10.x86_64 1753690162 6105206 installed
perl-parent-1:0.237-1.el8.noarch 1570975781 9187 installed
perl-Text-Tabs+Wrap-2013.0523-395.el8.noarch 1571071842 24825 installed
perl-File-Path-2.15-2.el8.noarch 1570958008 64920 installed
perl-PathTools-3.74-1.el8.x86_64 1570968071 182821 installed
perl-threads-1:2.21-2.el8.x86_64 1570980992 109155 installed
perl-interpreter-4:5.26.3-423.el8_10.x86_64 1753690162 14398532 installed
perl-Time-HiRes-4:1.9758-2.el8.x86_64 1619556196 116456 installed
perl-ExtUtils-Manifest-1.70-395.el8.noarch 1570957034 86252 installed
perl-Test-Harness-1:3.42-1.el8.noarch 1570970570 580658 installed
perl-Module-Metadata-1.000033-395.el8.noarch 1570964883 67700 installed
perl-Filter-2:1.58-2.el8.x86_64 1570958910 150694 installed
perl-Module-Load-1:0.32-395.el8.noarch 1570964751 14310 installed
perl-Text-Balanced-2.03-395.el8.noarch 1570971499 156781 installed
perl-Net-Ping-0:2.55-423.el8_10.noarch 1753690379 89607 installed
perl-IO-Compress-2.081-2.el8_10.noarch 1782703888 812406 installed
perl-Math-Complex-0:1.59-423.el8_10.noarch 1753690379 88208 installed
perl-JSON-PP-1:2.97.001-3.el8.noarch 1571055132 129656 installed
perl-CPAN-Meta-YAML-0.018-397.el8.noarch 1570951462 51719 installed
perl-Digest-SHA-1:6.02-1.el8.x86_64 1571054413 115681 installed
perl-devel-4:5.26.3-423.el8_10.x86_64 1753690162 3535582 installed
perl-ExtUtils-MakeMaker-1:7.34-1.el8.noarch 1570956965 734679 installed
perl-Locale-Maketext-1.28-396.el8.noarch 1570963415 174999 installed
perl-Params-Check-1:0.38-395.el8.noarch 1570966311 28458 installed
perl-Params-Util-1.07-22.el8.x86_64 1570967767 75049 installed
gpg-pubkey-3abb34f8-5ffd890e 1610451214 0 installed
perl-Sub-Install-0.928-14.el8.noarch 1570969125 35807 installed
gpg-pubkey-2f86d6a1-5cf7cefb 1559744251 0 installed
perl-ExtUtils-Miniperl-0:1.06-423.el8_10.noarch 1753690379 9878 installed
python-srpm-macros-3-45.el8.noarch 1684241739 6093 installed
perl-inc-latest-2:0.500-9.el8.noarch 1570975158 35852 installed
python-rpm-macros-3-45.el8.noarch 1684241739 4325 installed
perl-bignum-0.49-2.el8.noarch 1570974758 91430 installed
python3-pip-wheel-9.0.3-24.el8.noarch 1712410870 897991 installed
perl-open-0:1.11-423.el8_10.noarch 1753690379 11765 installed
setup-2.12.2-9.el8.noarch 1680380140 724747 installed
perl-Devel-SelfStubber-0:1.06-423.el8_10.noarch 1753690379 7845 installed
basesystem-11-5.el8.noarch 1570798431 0 installed
perl-Module-CoreList-tools-1:5.20181130-1.el8.noarch 1570964428 18981 installed
fpc-srpm-macros-1.3-1.el8.noarch 1591557879 144 installed
perl-Algorithm-Diff-1.1903-9.el8.noarch 1570950503 110531 installed
rust-srpm-macros-5-2.el8.noarch 1571041961 1131 installed
perl-Archive-Tar-2.30-3.el8_10.noarch 1785729249 157365 installed
perl-srpm-macros-1-25.el8.noarch 1570976318 794 installed
perl-B-Debug-1.26-2.el8.noarch 1570950850 42007 installed
ocaml-srpm-macros-5-4.el8.noarch 1571041863 737 installed
perl-Config-Perl-V-0.30-1.el8.noarch 1571000100 24320 installed
ghc-srpm-macros-1.4.2-7.el8.noarch 1571008156 414 installed
perl-Devel-PPPort-3.36-5.el8.x86_64 1570955173 399393 installed
publicsuffix-list-dafsa-20180723-1.el8.noarch 1573807861 64502 installed
perl-Env-1.04-395.el8.noarch 1570956430 26873 installed
ncurses-base-6.1-10.20180224.el8.noarch 1697309544 290089 installed
perl-IPC-Cmd-2:1.02-1.el8.noarch 1571000197 87152 installed
libselinux-2.9-11.el8_10.x86_64 1770733600 173176 installed
perl-File-Fetch-0.56-2.el8.noarch 1570957512 59879 installed
ncurses-libs-6.1-10.20180224.el8.x86_64 1697309698 955832 installed
perl-IPC-System-Simple-1.25-17.el8.noarch 1570962348 70458 installed
glibc-common-2.28-251.el8_10.40.x86_64 1784646418 7997172 installed
perl-Locale-Codes-3.57-1.el8.noarch 1570963309 2388500 installed
bash-4.4.20-6.el8_10.x86_64 1756198277 6865564 installed
perl-Module-Loaded-1:0.08-423.el8_10.noarch 1753690379 6015 installed
zlib-1.2.11-25.el8.x86_64 1697061746 199959 installed
perl-Sub-Exporter-0.987-15.el8.noarch 1570968873 142832 installed
bzip2-libs-1.0.6-28.el8_10.x86_64 1738028339 75061 installed
perl-Pod-Parser-1.63-396.el8.noarch 1570967576 269549 installed
gmp-1:6.1.2-11.el8.x86_64 1716472916 766316 installed
perl-Test-0:1.30-423.el8_10.noarch 1753690379 38806 installed
libstdc++-8.5.0-28.el8_10.alma.1.x86_64 1756209600 1935540 installed
perl-Text-Glob-0.11-4.el8.noarch 1570971665 8826 installed
libzstd-1.4.4-1.el8.x86_64 1597790682 698061 installed
perl-Time-Piece-0:1.31-423.el8_10.x86_64 1753690162 61666 installed
mpfr-3.1.6-1.el8.x86_64 1570879690 612625 installed
perl-local-lib-2.000024-2.el8.noarch 1570975501 120229 installed
sqlite-libs-3.26.0-21.el8_10.x86_64 1787576296 1166537 installed
perl-Thread-Queue-3.13-1.el8.noarch 1570972090 29787 installed
popt-1.18-1.el8.x86_64 1617942835 126618 installed
perl-File-HomeDir-1.002-4.el8.noarch 1570957759 120984 installed
libcom_err-1.45.6-7.el8_10.x86_64 1759821952 61393 installed
perl-MRO-Compat-0.13-4.el8.noarch 1570963860 25912 installed
chkconfig-1.19.2-1.el8.x86_64 1697323688 827758 installed
perl-Software-License-0.103013-2.el8.noarch 1570968581 461251 installed
libffi-3.1-24.el8.x86_64 1680332000 53844 installed
perl-PerlIO-via-QuotedPrint-0.08-395.el8.noarch 1570967101 6010 installed
lua-libs-5.3.4-12.el8.x86_64 1633756479 247888 installed
perl-CPAN-2.18-402.el8_10.noarch 1748961150 1859390 installed
libidn2-2.2.0-1.el8.x86_64 1573743877 253706 installed
zlib-devel-1.2.11-25.el8.x86_64 1697061746 141078 installed
file-libs-5.33-27.el8_10.x86_64 1759818650 6385855 installed
file-5.33-27.el8_10.x86_64 1759818650 93427 installed
unzip-6.0-48.el8_10.x86_64 1748916613 424061 installed
elfutils-default-yama-scope-0.190-2.el8.alma.1.noarch 1756126725 1810 installed
expat-2.5.0-2.el8_10.x86_64 1780486526 369520 installed
keyutils-libs-1.5.10-9.el8.x86_64 1633701057 43766 installed
audit-libs-3.1.2-1.el8_10.1.x86_64 1752572522 308530 installed
p11-kit-trust-0.23.22-2.el8.x86_64 1712412985 483265 installed
pcre-8.42-6.el8.x86_64 1633720673 509819 installed
xz-5.2.4-4.el8_6.x86_64 1655211822 424234 installed
gdbm-1:1.18-2.el8.x86_64 1665235333 389593 installed
zip-3.0-23.el8.x86_64 1570799464 842877 installed
cpp-8.5.0-28.el8_10.alma.1.x86_64 1756209600 29645334 installed
libassuan-2.5.1-3.el8.x86_64 1570877556 202763 installed
dwz-0.12-10.el8.x86_64 1633749969 230263 installed
zstd-1.4.4-1.el8.x86_64 1597790682 1538890 installed
nettle-3.4.1-7.el8.x86_64 1633731140 572241 installed
isl-0.16.1-6.el8.x86_64 1571012373 3270833 installed
bzip2-1.0.6-28.el8_10.x86_64 1738028339 92004 installed
diffutils-3.6-6.el8.x86_64 1588605339 1655492 installed
brotli-1.0.6-4.el8_10.x86_64 1770734804 1522164 installed
libnghttp2-1.33.0-6.el8_10.3.x86_64 1786993454 168244 installed
pkgconf-1.4.2-1.el8.x86_64 1570949856 63271 installed
libsigsegv-2.11-5.el8.x86_64 1570817728 47034 installed
libsmartcols-2.32.1-48.el8_10.x86_64 1770236304 248450 installed
libverto-0.3.2-2.el8.x86_64 1665215383 26797 installed
openssl-libs-1:1.1.1k-17.el8_6.x86_64 1783952062 3778586 installed
ca-certificates-2025.2.80_v9.0.304-80.2.el8_10.noarch 1761835024 2542496 installed
krb5-libs-1.18.2-34.el8_10.x86_64 1778654070 2242746 installed
libblkid-2.32.1-48.el8_10.x86_64 1770236304 343960 installed
systemd-libs-239-82.el8_10.17.x86_64 1781630262 4698518 installed
platform-python-setuptools-39.2.0-9.el8_10.noarch 1752570848 2916767 installed
python3-libs-3.6.8-78.el8_10.alma.1.x86_64 1787067575 32475673 installed
gzip-1.9-13.el8_5.x86_64 1651038570 352906 installed
cracklib-dicts-2.9.6-15.el8.x86_64 1570841236 9815016 installed
libutempter-1.1.6-14.el8.x86_64 1570840217 52637 installed
ima-evm-utils-1.3.2-12.el8.x86_64 1617896657 137650 installed
pam-1.3.1-40.el8_10.x86_64 1787058772 2654567 installed
glib2-2.56.4-170.el8_10.x86_64 1784572799 12288048 installed
libfdisk-2.32.1-48.el8_10.x86_64 1770236304 438882 installed
openldap-2.4.46-21.el8_10.x86_64 1741686291 1006691 installed
libarchive-3.3.3-7.el8_10.x86_64 1776367872 838287 installed
gnupg2-2.2.20-4.el8_10.x86_64 1768528180 9919099 installed
gc-7.6.4-3.el8.x86_64 1570929026 229024 installed
libipt-1.6.1-8.el8.x86_64 1576743441 166831 installed
libssh-0.9.6-16.el8_10.x86_64 1764014221 521919 installed
curl-7.61.1-34.el8_10.13.x86_64 1787236433 701120 installed
rpm-4.14.3-32.el8_10.x86_64 1734408670 2087838 installed
lua-srpm-macros-1-13.el8.noarch 1707738739 1367 installed
gdb-headless-8.2-20.el8.x86_64 1697051416 11909961 installed
glibc-headers-2.28-251.el8_10.40.x86_64 1784646418 2031720 installed
libxcrypt-devel-4.1.1-6.el8.x86_64 1633752252 24771 installed
gcc-plugin-annobin-8.5.0-28.el8_10.alma.1.x86_64 1756209600 49392 installed
redhat-rpm-config-131-1.el8.alma.noarch 1680773284 157410 installed
gcc-c++-8.5.0-28.el8_10.alma.1.x86_64 1756209600 32191691 installed
util-linux-2.32.1-48.el8_10.x86_64 1770236304 11576507 installed
make-1:4.2.1-11.el8.x86_64 1650299955 1436328 installed
systemtap-sdt-devel-4.9-3.el8.x86_64 1697288848 203028 installed
groff-base-1.22.3-18.el8.x86_64 1570976990 4274302 installed
perl-Digest-MD5-2.55-396.el8.x86_64 1570955939 56718 installed
perl-libnet-3.11-3.el8.noarch 1570999891 277134 installed
perl-Pod-Escapes-1:1.07-395.el8.noarch 1570967377 25763 installed
perl-Time-Local-1:1.280-1.el8.noarch 1570972329 59906 installed
perl-IO-Socket-SSL-2.066-4.module_el8.6.0+2811+fe6c84b0.noarch 1650651986 618704 installed
perl-Term-ANSIColor-4.06-396.el8.noarch 1570969691 89627 installed
perl-File-Temp-0.230.600-1.el8.noarch 1570958419 164723 installed
perl-Pod-Simple-1:3.35-395.el8.noarch 1570967776 543719 installed
perl-Pod-Perldoc-3.28-396.el8.noarch 1570967638 169228 installed
perl-Pod-Usage-4:1.69-395.el8.noarch 1570967839 49720 installed
perl-Storable-1:3.11-3.el8.x86_64 1570969971 221861 installed
perl-Errno-0:1.28-423.el8_10.x86_64 1753690162 9507 installed
perl-Encode-4:2.97-3.el8.x86_64 1570956379 10200695 installed
perl-Exporter-5.72-396.el8.noarch 1570956723 55718 installed
perl-Scalar-List-Utils-3:1.49-2.el8.x86_64 1570969561 124632 installed
perl-macros-4:5.26.3-423.el8_10.x86_64 1753690162 5184 installed
perl-Unicode-Normalize-1.25-396.el8.x86_64 1570974527 637517 installed
perl-IO-0:1.38-423.el8_10.x86_64 1753690162 139775 installed
perl-constant-1.33-396.el8.noarch 1570974903 27103 installed
perl-threads-shared-1.58-2.el8.x86_64 1570981103 78170 installed
perl-version-6:0.99.24-1.el8.x86_64 1570981195 127971 installed
perl-CPAN-Meta-Requirements-2.140-396.el8.noarch 1570951390 70659 installed
perl-ExtUtils-ParseXS-1:3.35-2.el8.noarch 1570957118 185701 installed
perl-Module-CoreList-1:5.20181130-1.el8.noarch 1570964428 867850 installed
perl-Compress-Raw-Zlib-2.081-1.el8.x86_64 1570952859 146917 installed
perl-SelfLoader-0:1.23-423.el8_10.noarch 1753690379 23915 installed
perl-Perl-OSType-1.010-396.el8.noarch 1570966968 33833 installed
perl-encoding-4:2.22-3.el8.x86_64 1570956379 144893 installed
perl-Compress-Raw-Bzip2-2.081-1.el8.x86_64 1570952767 58623 installed
perl-IO-Zlib-1:1.10-423.el8_10.noarch 1753690379 19748 installed
perl-Math-BigInt-1:1.9998.11-7.el8.noarch 1574148383 695154 installed
perl-Math-BigRat-0.2614-1.el8.noarch 1570964245 105818 installed
perl-CPAN-Meta-2.150010-396.el8.noarch 1570951323 610138 installed
perl-ExtUtils-Command-1:7.34-1.el8.noarch 1570956965 10101 installed
perl-ExtUtils-Install-2.14-4.el8.noarch 1570956872 87726 installed
perl-ExtUtils-Embed-0:1.34-423.el8_10.noarch 1753690379 16876 installed
perl-Locale-Maketext-Simple-1:0.21-423.el8_10.noarch 1753690379 14015 installed
perl-Module-Load-Conditional-0.68-395.el8.noarch 1570964824 29291 installed
