2026-09-30 09:10:52,388 - Mock Version: 6.8
2026-09-30 09:10:52,391 - Start(bootstrap): chroot init
2026-09-30 09:11:10,660 - Start(bootstrap): cleaning package manager metadata
2026-09-30 09:11:10,660 - Finish(bootstrap): cleaning package manager metadata
2026-09-30 09:11:33,515 - Finish(bootstrap): chroot init
2026-09-30 09:11:33,516 - Start: chroot init
2026-09-30 09:11:33,521 - Start: unpacking root cache
2026-09-30 09:11:36,466 - Finish: unpacking root cache
2026-09-30 09:11:36,468 - Start: cleaning package manager metadata
2026-09-30 09:11:36,471 - Finish: cleaning package manager metadata
2026-09-30 09:11:52,784 - Start: dnf4 update
2026-09-30 09:13:23,728 - Finish: dnf4 update
2026-09-30 09:19:07,165 - Finish: chroot init
2026-09-30 09:19:07,166 - Start: build phase for openssl35-3.5.9-1.el8.src.rpm
2026-09-30 09:19:07,167 - Start: build setup for openssl35-3.5.9-1.el8.src.rpm
2026-09-30 09:27:18,051 - Finish: build setup for openssl35-3.5.9-1.el8.src.rpm
2026-09-30 09:27:18,051 - Start: rpmbuild openssl35-3.5.9-1.el8.src.rpm
2026-09-30 09:27:18,054 - Start: Outputting list of installed packages
2026-09-30 09:27:18,320 - Finish: Outputting list of installed packages
2026-09-30 09:44:18,011 - Finish: rpmbuild openssl35-3.5.9-1.el8.src.rpm
2026-09-30 09:44:18,087 - Finish: build phase for openssl35-3.5.9-1.el8.src.rpm
2026-09-30 09:44:18,099 - Finish: run
